2	Audi RS7 Sportback	1
3	Audi S1	1
4	BMW 2-serie Cabrio	2
5	BMW i8	2
6	Ford Edge	3
7	Ford Mustang Fastback	3
8	Honda S2000	4
9	Honda Legend	4
10	Toyota GT86	5
11	Toyota C-HR	5
