168	81	Taylor	William	+81-5044-4240
126	84	Johnson	Joseph	+84-2460-7888
196	33	Jones	Michael	+33-1255-1500
102	84	Jones	James	+84-7176-3123
128	61	Johnson	John	+61-2380-0443
107	49	Thomas	Jeans	+49-3910-4470
173	81	Gonzalez	Michael	+81-0389-5720
181	44	Martinez	Ivan	+44-0476-1813
104	33	Thomas	Ivan	+33-7408-1108
198	44	Johnson	William	+44-8192-7396
109	7	Mikhail	Ivan	+7-7777-7777
