268	7	Jones	James	+7-9671-1288
201	81	Martinez	James	+81-0174-9621
250	1	Martinez	John	+1-1083-4016
293	84	Brown	Joseph	+84-9950-5259
284	86	Thomas	William	+86-6045-7934
268	7	Anderson	David	+7-7935-4081
261	33	Miller	Jeans	+33-0436-9545
242	1	Martinez	Richard	+1-0239-7711
279	7	Davis	Ivan	+7-1206-0774
288	49	Williams	William	+49-6631-4283
224	81	Williams	David	+81-7315-8094
242	33	Rodriguez	David	+33-6245-8930
204	81	Rodriguez	John	+81-0167-0716
205	86	Martinez	Jeans	+86-1267-8791
