346	49	Martinez	Richard	+49-2960-7318
366	33	Hernandez	Michael	+33-6619-9067
392	44	Davis	Jeans	+44-0966-4047
324	7	Lopez	William	+7-8891-2567
341	86	Taylor	John	+86-4809-4036
305	49	Miller	Ivan	+49-9863-1573
309	1	Alderson	Elliot	+1-0512-7001
