100	Bach	Hanoi
101	Kyo	Seoul
103	Zhen	Beijing
104	Mori	Tokyo
105	Yuri	Tokyo
