10	Anna	Berlin	1
12	Liu	Beijing	0
13	Yua	Tokyo	0
14	Shin	Tokyo	1
