O1	U100	Harry	2100	20100101
O4	U102	Jack	1800	20100103
O2	U101	Robin	1700	20100202
O1	U102	Jack	2200	20100104
O5	U100	Harry	1000	20100201
O6	U103	Kevin	1100	20100202
