Anneke Preusig	1953-04-20
Bezalel Simmel	1953-04-21
Duangkaew Piveteau	1953-04-22
Emma Watson	1990-04-15