Georgi Facello	1954-05-02
Kyoichi Maliniak	1954-05-03
Parto Bamford	1954-05-04
Saniya Kalloufi	1954-05-05
Alex Ferguson	1941-12-31