Saniya Kalloufi	1954-05-05	M
Amanda Holden	1971-02-16	F
Parto Bamford	1954-05-04	M
Gordon Ramsay	1966-11-08	M
Simon Cowell	1959-10-07	M