1003	1.42	512	80	478
1004	2.80	1024	250	649
1006	3.20	1024	320	1049
1007	2.20	1024	200	510
1008	2.20	2048	250	770
1009	2.00	1024	250	650
1010	2.80	2048	300	770
1011	1.86	2048	160	959
1012	2.80	2048	160	649
1013	3.06	512	80	529
1100	2.67	4096	480	699
1101	2.74	4096	640	799
1102	3.50	4096	640	1299