1	XL	102
2	L	102
4	S	104
6	L	104
9	S	105
10	XL	102
11	S	105
12	L	111
13	L	111
14	XL	111
