1011	6
1012	9
1013	43
1014	38
1015	19
1016	39
1017	45
1018	28
1019	13
1020	26
1051	20
