1	p1	n1	10
2	p1	n1	20
3	p2	n2	30
4	p2	n2	40
0	p3	n0	50
0	p3	n0	60
0	p3	n0	70
