10	20
10	30
20	30
10	40
30	40
20	40
50	60
50	70
60	70
