1000	447	Post1000	0	170
1001	447	Post1001	1	18
1003	450	Post1003	1	27
1004	452	Post1004	0	46
1005	453	Post1005	0	55
1006	448	Post1006	1	12
1007	451	Post1007	0	11
1008	451	Post1008	1	101
1009	452	Post1009	0	43
1010	448	Post1010	1	67
1013	448	Post1013	1	128
1014	453	Post1014	1	66
1100	449	NoTitle	0	11
1101	501	NoTitle	0	12
1102	501	NoTitle	0	13
1104	501	NoTitle	0	1
