447	alice	jalice	jaliceATjoomla.site
448	bob	jbob	jbobATjoomla.site
449	carol	jcarol	jcarolATjoomla.site
450	john	jjohn	jjohnATjoomla.site
451	dave	jdave	jdaveATjoomla.site
452	hyun	jhyun	jhyunATjoomla.site
453	mori	jmori	jmoriATjoomla.site
501	kyo	jkyo	jkyoATjoomla.site
