a	active	1
b	active	4
b	inactive	5
c	active	3
c	inactive	4