Anneke Preusig	Development
Chirstian Koblick	Production
Georgi Facello	Development
Kyoichi Maliniak	Human Resources
Parto Bamford	Production
Tzvetan Zielinski	Research
Simon Cowell	Social Network
Alex Ferguson	Human Resources
Emma Watson	Social Network
Amanda Holden	Social Network
Gordon Ramsay	Social Network