Chirstian Koblick	1954-05-01	M
Georgi Facello	1954-05-02	M
Kyoichi Maliniak	1954-05-03	M
Parto Bamford	1954-05-04	M
Saniya Kalloufi	1954-05-05	M
Anneke Preusig	1953-04-20	F
Bezalel Simmel	1953-04-21	F
Duangkaew Piveteau	1953-04-22	F
Sumant Peac	1953-04-23	F
Tzvetan Zielinski	1953-04-24	F
Simon Cowell	1959-10-07	M
Alex Ferguson	1941-12-31	M
Emma Watson	1990-04-15	F
Amanda Holden	1971-02-16	F
Gordon Ramsay	1966-11-08	M