Anneke Preusig	Development
Bezalel Simmel	Sales
Chirstian Koblick	Production
Duangkaew Piveteau	Quality Management
Georgi Facello	Development
Kyoichi Maliniak	Human Resources
Parto Bamford	Production
Sumant Peac	Quality Management
Mike Ivan	Research
Anna Sharapova	Research
