53650	Smith	smith@math	19	3.7
53831	Madayan	madayan@music	11	1.8
53832	Guldu	guldu@music	12	2.0
55555	null	null	0	3.1
55556	null	null	0	3.1