Anneke Preusig	Development
Bezalel Simmel	Sales
Chirstian Koblick	Production
Duangkaew Piveteau	Quality Management
Georgi Facello	Development
Kyoichi Maliniak	Human Resources
Sumant Peac	Quality Management
Tzvetan Zielinski	Research
