1	3	544	50	176772	180	A	c3	1	2022-02-22 22:22:22	2022-02-22 23:59:59	0000-00-00 00:00:00	0000-00-00 00:00:00
2	2	878	71	564627	187	D	c1	0	2022-02-22 22:22:22	2022-02-22 23:59:59	0000-00-00 00:00:00	0000-00-00 00:00:00
3	2	773	55	470452	124	W	c3	1	2022-02-22 22:22:22	2022-02-22 23:59:59	0000-00-00 00:00:00	0000-00-00 00:00:00
4	1	813	65	470054	111	A	c0	1	2022-02-22 22:22:22	2022-02-22 23:59:59	0000-00-00 00:00:00	0000-00-00 00:00:00
5	0	560	73	429646	151	D	c2	1	2022-02-22 22:22:22	2022-02-22 23:59:59	0000-00-00 00:00:00	0000-00-00 00:00:00
6	0	632	56	745167	109	W	c1	0	2022-02-22 22:22:22	2022-02-22 23:59:59	0000-00-00 00:00:00	0000-00-00 00:00:00
9	0	823	55	640692	155	D	c2	1	2022-02-22 22:22:22	2022-02-22 23:59:59	0000-00-00 00:00:00	0000-00-00 00:00:00
10	1	724	70	223341	181	D	c3	0	2022-02-22 22:22:22	2022-02-22 23:59:59	0000-00-00 00:00:00	0000-00-00 00:00:00
11	1	616	54	451672	133	A	c0	0	2022-02-22 22:22:22	2022-02-22 23:59:59	0000-00-00 00:00:00	0000-00-00 00:00:00
12	101	666	55	111111	111	A	c1	0	0000-00-00 00:00:00	0000-00-00 00:00:00	0000-00-00 00:00:00	0000-00-00 00:00:00
101	0	0	0	000000	000	A	c0	0	0000-00-00 00:00:00	0000-00-00 00:00:00	0000-00-00 00:00:00	0000-00-00 00:00:00