k18	z201	dat1604
k20	z295	dat1613
k26	z249	dat1639
k33	z212	dat1080
k34	z232	dat1896
k35	z284	dat1230
k41	z207	dat1681
k49	z286	dat1390
k50	z235	dat1406
k53	z253	dat1722
k55	z267	dat1299
k62	z205	dat1801
k64	z269	dat1495
k65	z216	dat1593
k101	z301	data2001
k102	z302	data2002
k103	z303	data2003
