z200	ic200
z201	ic201
z202	ic202
z203	ic203
z204	ic204
z205	ic205
z206	ic206
z207	ic207
z208	ic208
z209	ic209
z210	ic210
z211	ic211
z212	ic212
z213	ic213
z214	ic214
z215	ic215
z216	ic216
z217	ic217
z218	ic218
z219	ic219
z220	ic220
z221	ic221
z222	ic222
z223	ic223
z224	ic224
z225	ic225
z226	ic226
z227	ic227
z228	ic228
z229	ic229
z230	ic230
z231	ic231
z232	ic232
z233	ic233
z234	ic234
z235	ic235
z236	ic236
z237	ic237
z238	ic238
z239	ic239
z240	ic240
z241	ic241
z242	ic242
z243	ic243
z244	ic244
z245	ic245
z246	ic246
z247	ic247
z248	ic248
z249	ic249
z250	ic250
z251	ic251
z252	ic252
z253	ic253
z254	ic254
z255	ic255
z256	ic256
z257	ic257
z258	ic258
z259	ic259
z260	ic260
z261	ic261
z262	ic262
z263	ic263
z264	ic264
z265	ic265
z266	ic266
z267	ic267
z268	ic268
z269	ic269
z270	ic270
z271	ic271
z272	ic272
z273	ic273
z274	ic274
z275	ic275
z276	ic276
z277	ic277
z278	ic278
z279	ic279
z280	ic280
z281	ic281
z282	ic282
z283	ic283
z284	ic284
z285	ic285
z286	ic286
z287	ic287
z288	ic288
z289	ic289
z290	ic290
z291	ic291
z292	ic292
z293	ic293
z294	ic294
z295	ic295
z296	ic296
z297	ic297
z298	ic298
z299	ic299
z301	ic301
z302	ic302
z303	ic303
