KL0	N0	KS0	P0
KL7	N7	KS7	P7
KL8	N8	KS8	P8
KL9	N9	KS9	P9
KL10	N10	KS10	P10
KL11	N11	KS11	P11
KL12	N12	KS12	P12
KL13	N13	KS13	P13
KL14	N14	KS14	P14
KL15	N15	KS15	P15
KL16	N16	KS16	P16
KL17	N17	KS17	P17
KL18	N18	KS18	P18
KL19	N19	KS19	P19
