53831	Carnatic101	C
53650	Topology112	A
53666	History105	B
50000	Reggae203	B
55000	Reggae203	B