1	Joe	ODU
3	Ane	ODU
5	Cools	VCU
6	Trinity	VCU
7	Neo	VT
8	Rabbit	VT
