Lullaby	1989	4	Galore	1
Lullaby	1989	4	Show	3
Lovesong	1989	5	Galore	1
Lovesong	1989	5	Disintegration	7
