Anneke Preusig	Development
Bezalel Simmel	Sales
Chirstian Koblick	Production
Duangkaew Piveteau	Production
Duangkaew Piveteau	Quality Management
Georgi Facello	Development
Kyoichi Maliniak	Human Resources
Parto Bamford	Production
Saniya Kalloufi	Development
Sumant Peac	Quality Management
Tzvetan Zielinski	Research
Simon Cowell	Social Network
Alex Ferguson	Human Resources
Emma Watson	Social Network
Amanda Holden	Social Network
Gordon Ramsay	Social Network
