Duangkaew Piveteau	Production
Saniya Kalloufi	Development
Parto Bamford	Production
Sumant Peac	Quality Management
Tzvetan Zielinski	Research
