Star Weirs	1977	124	sciFi	Fox	12345
Galaxy Quest	1999	104	comedy	DreamWorks	67890
Star Trek	1979	0	null	Paramount	00000