4	d2	non	yahoo
2	d1	non	linkedin
5	d3	google	non
1	d1	google	facebook
5	d3	linkedin	non
0	d1	non	tesla
