1	Laptop	700.56
2	Desktop	699.99
4	Macbook	999.99
5	Surface	999.99