Hiking	1997	Smith
Rowing	1998	Smith
Rowing	1999	John
