tcp	80	LISTENING
tcp	110	LISTENING
tcp	143	LISTENING
tcp	443	LISTENING
udp	445	LISTENING
udp	448	LISTENING
udp	501	LISTENING
