Georgi Facello	1954-05-02	M
Kyoichi Maliniak	1954-05-03	M
Parto Bamford	1954-05-04	M
Saniya Kalloufi	1954-05-05	M
Anneke Preusig	1953-04-20	F
Bezalel Simmel	1953-04-21	F
Duangkaew Piveteau	1953-04-22	F
Danny Simpson	1962-03-02	M
Mikhail Petrovic	1962-06-08	M
Sophia Sophib	1962-04-01	F
