Lullaby	1989	4	Galore
Lullaby	1989	4	Show
Lovesong	1989	5	Galore
Lovesong	1989	5	Disintegration
