1	Electra
2	Haro
3	Heller
5	Ritchey
6	Strider
8	Surly
9	Trek
10	Star
11	Microsoft
12	Apple