1001	115	2017-10-08
1002	107	2017-06-17
1003	107	2019-10-22
1004	105	2020-10-26
1005	115	2018-06-10
1006	105	2020-01-05
1007	110	2020-07-16
1008	103	2017-03-10
1009	113	2020-09-05
1010	107	2019-03-24
1011	104	2017-04-14
1012	104	2017-10-16
1013	112	2018-11-17
1014	113	2018-01-24
1015	110	2018-05-27
1016	115	2020-02-15
1017	110	2019-05-28
1018	111	2019-02-15
1019	114	2019-09-07
1020	105	2018-02-20
1021	111	2018-05-01
1022	107	2017-07-17
1023	102	2018-04-28
1024	112	2018-04-28
1025	101	2017-08-16
1026	102	2017-02-26
1027	103	2017-06-15
1028	101	2018-02-17
1029	107	2019-08-25
1088	110	2019-11-06
1089	102	2017-03-01
1090	111	2017-06-27
1091	112	2020-03-06
1092	109	2018-07-04
1093	115	2019-01-05
1094	105	2017-08-13
1095	107	2020-11-21
1096	107	2018-12-15
1097	108	2018-12-07
1098	110	2020-08-08
