P7	PN7
P3	PN3
P4	PN4
P2	PN2
P6	PN6
P5	PN5
P1	PN1
P8	PN8
P9	PN9
