Lullaby	4	Galore	1
Lullaby	4	Show	3
Lovesong	5	Galore	1
Lovesong	5	Disintegration	7
